<!DOCTYPE html>
<html>

<head>
  <meta charset="utf-8">
  <title>Readme</title>
</head>

<body>
  <ul>
    
    <li><a href="/testdata/ok_complete.md">Complete</a></li>
    
  </ul>
</body>

</html>
